// Jest Snapshot v1, https://goo.gl/fbAQLP

exports[`<OpinionCreateForm /> renders correctly 1`] = `
<form
  id="opinion-create-form"
  onSubmit={[MockFunction]}
>
  <Field
    autoFocus={true}
    component={[Function]}
    help={null}
    id="opinion_title"
    label={
      <FormattedMessage
        id="opinion.title"
        values={Object {}}
      />
    }
    name="title"
    type="text"
  />
  <Field
    component={[Function]}
    help={null}
    id="opinion_body"
    label={
      <FormattedMessage
        id="opinion.body"
        values={Object {}}
      />
    }
    name="body"
    type="editor"
  />
  <Field
    component={[Function]}
    id="appendix_0"
    key="0"
    label="appendice"
    name="appendice"
    type="editor"
  />
</form>
`;
