// Jest Snapshot v1, https://goo.gl/fbAQLP

exports[`Preview|QuestionnaireStep.contributors connection fetches the contributors of a questionnaire step 1`] = `
Object {
  "node": Object {
    "contributors": Object {
      "edges": Array [
        Object {
          "node": Object {
            "id": "VXNlcjp1c2VyMTUw",
            "username": "user150",
          },
        },
        Object {
          "node": Object {
            "id": "VXNlcjp1c2VyMjA=",
            "username": "user20",
          },
        },
        Object {
          "node": Object {
            "id": "VXNlcjp1c2VyMTk=",
            "username": "user19",
          },
        },
        Object {
          "node": Object {
            "id": "VXNlcjp1c2VyMTg=",
            "username": "user18",
          },
        },
        Object {
          "node": Object {
            "id": "VXNlcjp1c2VyMTc=",
            "username": "user17",
          },
        },
      ],
      "totalCount": 20,
    },
    "id": "questionnairestep1",
    "title": "Questionnaire des JO 2024",
  },
}
`;
