// Jest Snapshot v1, https://goo.gl/fbAQLP

exports[`<ProjectsList /> should render correctly 1`] = `
<div
  className="d-flex flex-wrap"
>
  <ProjectPreview
    project={
      Object {
        "hasParticipativeStep": false,
        "title": "project without participative step",
      }
    }
  />
  <ProjectPreview
    project={
      Object {
        "hasParticipativeStep": true,
        "title": "project with participative step",
      }
    }
  />
</div>
`;
