// Jest Snapshot v1, https://goo.gl/fbAQLP

exports[`<DebateStepPageVoteAndShare/> renders correctly 1`] = `
Array [
  <div
    class="sc-bcXGCL klhoji toasts-container toasts-container--top"
  />,
  <div
    class="sc-bcXGCL cUzULY toasts-container toasts-container--top-left"
  />,
  <div
    class="sc-bcXGCL gbiIcr toasts-container toasts-container--top-right"
  />,
  <div
    class="sc-bcXGCL iAUFHT toasts-container toasts-container--bottom"
  />,
  <div
    class="sc-bcXGCL egFGdF toasts-container toasts-container--bottom-left"
  />,
  <div
    class="sc-bcXGCL iXsWAS toasts-container toasts-container--bottom-right"
  />,
  <div
    class="sc-bcXGCL gLHYlq"
  >
    <div
      class="sc-bcXGCL hTxdZW"
    >
      <h3
        class="sc-bcXGCL cwdVAj cap-heading"
      >
        summary-debate-participation
      </h3>
      <h3
        class="sc-bcXGCL cwdVAj cap-heading"
      >
        thanks-participation-debate-ended
      </h3>
    </div>
  </div>,
]
`;

exports[`<DebateStepPageVoteAndShare/> renders correctly on mobile 1`] = `
Array [
  <div
    class="sc-bcXGCL klhoji toasts-container toasts-container--top"
  />,
  <div
    class="sc-bcXGCL cUzULY toasts-container toasts-container--top-left"
  />,
  <div
    class="sc-bcXGCL gbiIcr toasts-container toasts-container--top-right"
  />,
  <div
    class="sc-bcXGCL iAUFHT toasts-container toasts-container--bottom"
  />,
  <div
    class="sc-bcXGCL egFGdF toasts-container toasts-container--bottom-left"
  />,
  <div
    class="sc-bcXGCL iXsWAS toasts-container toasts-container--bottom-right"
  />,
  <div
    class="sc-bcXGCL gLHYlq"
  >
    <div
      class="sc-bcXGCL hTxdZW"
    >
      <h3
        class="sc-bcXGCL cwdVAj cap-heading"
      >
        summary-debate-participation
      </h3>
      <h3
        class="sc-bcXGCL cwdVAj cap-heading"
      >
        thanks-participation-debate-ended
      </h3>
    </div>
  </div>,
]
`;

exports[`<DebateStepPageVoteAndShare/> renders correctly when anonymous participation allowed 1`] = `
Array [
  <div
    class="sc-bcXGCL klhoji toasts-container toasts-container--top"
  />,
  <div
    class="sc-bcXGCL cUzULY toasts-container toasts-container--top-left"
  />,
  <div
    class="sc-bcXGCL gbiIcr toasts-container toasts-container--top-right"
  />,
  <div
    class="sc-bcXGCL iAUFHT toasts-container toasts-container--bottom"
  />,
  <div
    class="sc-bcXGCL egFGdF toasts-container toasts-container--bottom-left"
  />,
  <div
    class="sc-bcXGCL iXsWAS toasts-container toasts-container--bottom-right"
  />,
  <div
    class="sc-bcXGCL gLHYlq"
  >
    <div
      class="sc-bcXGCL hTxdZW"
    >
      <h3
        class="sc-bcXGCL cwdVAj cap-heading"
      >
        summary-debate-participation
      </h3>
      <h3
        class="sc-bcXGCL cwdVAj cap-heading"
      >
        thanks-participation-debate-ended
      </h3>
    </div>
  </div>,
]
`;

exports[`<DebateStepPageVoteAndShare/> renders correctly when viewer not confirmed 1`] = `
Array [
  <div
    class="sc-bcXGCL klhoji toasts-container toasts-container--top"
  />,
  <div
    class="sc-bcXGCL cUzULY toasts-container toasts-container--top-left"
  />,
  <div
    class="sc-bcXGCL gbiIcr toasts-container toasts-container--top-right"
  />,
  <div
    class="sc-bcXGCL iAUFHT toasts-container toasts-container--bottom"
  />,
  <div
    class="sc-bcXGCL egFGdF toasts-container toasts-container--bottom-left"
  />,
  <div
    class="sc-bcXGCL iXsWAS toasts-container toasts-container--bottom-right"
  />,
  <div
    class="sc-bcXGCL gLHYlq"
  >
    <div
      class="sc-bcXGCL hTxdZW"
    >
      <h3
        class="sc-bcXGCL cwdVAj cap-heading"
      >
        summary-debate-participation
      </h3>
      <h3
        class="sc-bcXGCL cwdVAj cap-heading"
      >
        thanks-participation-debate-ended
      </h3>
    </div>
  </div>,
]
`;
