// Jest Snapshot v1, https://goo.gl/fbAQLP

exports[`<ModalModerateArgument /> should renders correcty with argument 1`] = `
<ModalModerateArgument__ModalContainer
  animation={false}
  aria-labelledby="modal-title"
  bsSize="large"
  onHide={[MockFunction]}
  show={true}
>
  <ModalHeader
    bsClass="modal-header"
    closeButton={true}
    closeLabel="Close"
  >
    <ModalTitle
      bsClass="modal-title"
      componentClass="h4"
      id="modal-title"
    >
      <FormattedMessage
        id="moderate-argument"
        values={Object {}}
      />
    </ModalTitle>
  </ModalHeader>
  <ModalBody
    bsClass="modal-body"
    componentClass="div"
  >
    <form
      id="form-moderate-argument"
      onSubmit={[MockFunction]}
    >
      <Field
        bold={true}
        component={[Function]}
        id="toggle-isVisible"
        label={
          <div>
            <FormattedMessage
              id="toggle.hide.content"
              values={Object {}}
            />
            <OverlayTrigger
              defaultOverlayShown={false}
              overlay={
                <Tooltip
                  bsClass="tooltip"
                  className="text-left"
                  id="tooltip-description"
                  placement="right"
                >
                  tooltip.explanation.hide.content
                </Tooltip>
              }
              placement="top"
              trigger={
                Array [
                  "hover",
                  "focus",
                ]
              }
            >
              <Icon
                className="ml-5"
                color="#acacac"
                name="information"
                size={12}
              />
            </OverlayTrigger>
          </div>
        }
        name="hideContent"
        normalize={[Function]}
      />
      <Field
        component={[Function]}
        id="reason"
        label={
          <div>
            <FormattedMessage
              id="global.moderation.reason"
              values={Object {}}
            />
             
            <span
              className="excerpt"
            >
              <FormattedMessage
                id="global.optional"
                values={Object {}}
              />
            </span>
          </div>
        }
        name="reason"
        type="text"
      />
    </form>
  </ModalBody>
  <ModalFooter
    bsClass="modal-footer"
    componentClass="div"
  >
    <CloseButton
      label="editor.undo"
      onClose={[MockFunction]}
    />
    <Connect(SubmitButton)
      bsStyle="danger"
      label="move.contribution.to.trash"
      onSubmit={[Function]}
    />
  </ModalFooter>
</ModalModerateArgument__ModalContainer>
`;
