// Jest Snapshot v1, https://goo.gl/fbAQLP

exports[`<StepEvents /> <TestStepEvents /> should render correctly 1`] = `
<div
  className="StepEventsstyle__Container-jvrJbu dRuOvl block"
  id="StepEvents"
>
  <div
    className="sc-breQAM Flex___StyledAppBox-SiGEY gNCdlq"
  >
    <h2
      className="sc-breQAM BHZiE"
    >
      global.events
       
      <span
        className="small excerpt"
      >
        3
      </span>
    </h2>
    <div
      className="sc-breQAM hYtsul"
    >
      <div
        animated={200}
        animating={false}
        as={
          Object {
            "$$typeof": Symbol(react.forward_ref),
            "render": [Function],
          }
        }
        baseId="id-2"
        data-testid="MenuButton"
        down={[Function]}
        first={[Function]}
        groups={Array []}
        hide={[Function]}
        items={Array []}
        last={[Function]}
        loop={false}
        modal={false}
        move={[Function]}
        next={[Function]}
        orientation="vertical"
        place={[Function]}
        placement="bottom-end"
        previous={[Function]}
        registerGroup={[Function]}
        registerItem={[Function]}
        reset={[Function]}
        rtl={false}
        setAnimated={[Function]}
        setBaseId={[Function]}
        setCurrentId={[Function]}
        setLoop={[Function]}
        setModal={[Function]}
        setOrientation={[Function]}
        setRTL={[Function]}
        setShift={[Function]}
        setVisible={[Function]}
        setWrap={[Function]}
        shift={false}
        show={[Function]}
        sort={[Function]}
        stopAnimation={[Function]}
        toggle={[Function]}
        unregisterGroup={[Function]}
        unregisterItem={[Function]}
        unstable_arrowRef={
          Object {
            "current": null,
          }
        }
        unstable_arrowStyles={Object {}}
        unstable_disclosureRef={
          Object {
            "current": null,
          }
        }
        unstable_hasActiveWidget={false}
        unstable_idCountRef={
          Object {
            "current": 0,
          }
        }
        unstable_includesBaseElement={false}
        unstable_moves={0}
        unstable_originalPlacement="bottom-end"
        unstable_popoverRef={
          Object {
            "current": null,
          }
        }
        unstable_popoverStyles={
          Object {
            "left": "100%",
            "position": "fixed",
            "top": "100%",
          }
        }
        unstable_referenceRef={
          Object {
            "current": null,
          }
        }
        unstable_setHasActiveWidget={[Function]}
        unstable_setIncludesBaseElement={[Function]}
        unstable_setValue={[Function]}
        unstable_setVirtual={[Function]}
        unstable_update={[Function]}
        unstable_values={Object {}}
        unstable_virtual={false}
        up={[Function]}
        visible={false}
        wrap={false}
      >
        <div
          className="sc-bcXGCL dLsLlo"
        >
          theme.show.status.future
        </div>
        <IconMock
          aria-hidden={true}
          className="icon"
          fill="black"
          height="8"
          style={
            Object {
              "flexShrink": "0",
              "verticalAlign": "middle",
            }
          }
          width="8"
        />
      </div>
      <div
        animate="hidden"
        animated={200}
        animating={false}
        as={
          Object {
            "$$typeof": Symbol(react.forward_ref),
            "attrs": Array [
              [Function],
            ],
            "componentStyle": e {
              "baseHash": 1012894436,
              "baseStyle": undefined,
              "componentId": "MenuList__MenuItems-gnQjCH",
              "isStatic": false,
              "rules": Array [
                "&:active,&:focus{outline:none;}",
              ],
              "staticRulesId": "",
            },
            "foldedComponentIds": "",
            "render": [Function],
            "shouldForwardProp": undefined,
            "styledComponentId": "MenuList__MenuItems-gnQjCH",
            "target": Object {
              "$$typeof": Symbol(react.forward_ref),
              "render": [Function],
            },
            "warnTooManyClasses": [Function],
          }
        }
        baseId="id-2"
        data-testid="Menu"
        down={[Function]}
        first={[Function]}
        groups={Array []}
        hide={[Function]}
        hideOnClickOutside={true}
        initial="hidden"
        items={Array []}
        last={[Function]}
        loop={false}
        modal={false}
        move={[Function]}
        next={[Function]}
        orientation="vertical"
        place={[Function]}
        placement="bottom-end"
        previous={[Function]}
        registerGroup={[Function]}
        registerItem={[Function]}
        reset={[Function]}
        rtl={false}
        setAnimated={[Function]}
        setBaseId={[Function]}
        setCurrentId={[Function]}
        setLoop={[Function]}
        setModal={[Function]}
        setOrientation={[Function]}
        setRTL={[Function]}
        setShift={[Function]}
        setVisible={[Function]}
        setWrap={[Function]}
        shift={false}
        show={[Function]}
        sort={[Function]}
        stopAnimation={[Function]}
        style={
          Object {
            "outline": "none",
          }
        }
        toggle={[Function]}
        transition={
          Object {
            "damping": 26,
            "stiffness": 340,
            "type": "spring",
          }
        }
        unregisterGroup={[Function]}
        unregisterItem={[Function]}
        unstable_arrowRef={
          Object {
            "current": null,
          }
        }
        unstable_arrowStyles={Object {}}
        unstable_disclosureRef={
          Object {
            "current": null,
          }
        }
        unstable_hasActiveWidget={false}
        unstable_idCountRef={
          Object {
            "current": 0,
          }
        }
        unstable_includesBaseElement={false}
        unstable_moves={0}
        unstable_originalPlacement="bottom-end"
        unstable_popoverRef={
          Object {
            "current": null,
          }
        }
        unstable_popoverStyles={
          Object {
            "left": "100%",
            "position": "fixed",
            "top": "100%",
          }
        }
        unstable_referenceRef={
          Object {
            "current": null,
          }
        }
        unstable_setHasActiveWidget={[Function]}
        unstable_setIncludesBaseElement={[Function]}
        unstable_setValue={[Function]}
        unstable_setVirtual={[Function]}
        unstable_update={[Function]}
        unstable_values={Object {}}
        unstable_virtual={false}
        up={[Function]}
        variants={
          Object {
            "hidden": Object {
              "opacity": 0,
            },
            "visible": Object {
              "opacity": 1,
            },
          }
        }
        visible={false}
        wrap={false}
        zIndex={1000}
      >
        <div
          animated={200}
          animating={false}
          baseId="id-2"
          className="MenuListItem__MenuItemInner-gJlTyj jIDbKC"
          data-testid="MenuItem"
          down={[Function]}
          first={[Function]}
          groups={Array []}
          hide={[Function]}
          items={Array []}
          last={[Function]}
          loop={false}
          modal={false}
          move={[Function]}
          next={[Function]}
          onClick={[Function]}
          orientation="vertical"
          place={[Function]}
          placement="bottom-end"
          previous={[Function]}
          registerGroup={[Function]}
          registerItem={[Function]}
          reset={[Function]}
          rtl={false}
          setAnimated={[Function]}
          setBaseId={[Function]}
          setCurrentId={[Function]}
          setLoop={[Function]}
          setModal={[Function]}
          setOrientation={[Function]}
          setRTL={[Function]}
          setShift={[Function]}
          setVisible={[Function]}
          setWrap={[Function]}
          shift={false}
          show={[Function]}
          sort={[Function]}
          stopAnimation={[Function]}
          toggle={[Function]}
          unregisterGroup={[Function]}
          unregisterItem={[Function]}
          unstable_arrowRef={
            Object {
              "current": null,
            }
          }
          unstable_arrowStyles={Object {}}
          unstable_disclosureRef={
            Object {
              "current": null,
            }
          }
          unstable_hasActiveWidget={false}
          unstable_idCountRef={
            Object {
              "current": 0,
            }
          }
          unstable_includesBaseElement={false}
          unstable_moves={0}
          unstable_originalPlacement="bottom-end"
          unstable_popoverRef={
            Object {
              "current": null,
            }
          }
          unstable_popoverStyles={
            Object {
              "left": "100%",
              "position": "fixed",
              "top": "100%",
            }
          }
          unstable_referenceRef={
            Object {
              "current": null,
            }
          }
          unstable_setHasActiveWidget={[Function]}
          unstable_setIncludesBaseElement={[Function]}
          unstable_setValue={[Function]}
          unstable_setVirtual={[Function]}
          unstable_update={[Function]}
          unstable_values={Object {}}
          unstable_virtual={false}
          up={[Function]}
          visible={false}
          wrap={false}
        >
          <p
            className="sc-breQAM lcNvFi"
          >
            theme.show.status.future
          </p>
        </div>
        <div
          animated={200}
          animating={false}
          baseId="id-2"
          className="MenuListItem__MenuItemInner-gJlTyj jIDbKC"
          data-testid="MenuItem"
          down={[Function]}
          first={[Function]}
          groups={Array []}
          hide={[Function]}
          items={Array []}
          last={[Function]}
          loop={false}
          modal={false}
          move={[Function]}
          next={[Function]}
          onClick={[Function]}
          orientation="vertical"
          place={[Function]}
          placement="bottom-end"
          previous={[Function]}
          registerGroup={[Function]}
          registerItem={[Function]}
          reset={[Function]}
          rtl={false}
          setAnimated={[Function]}
          setBaseId={[Function]}
          setCurrentId={[Function]}
          setLoop={[Function]}
          setModal={[Function]}
          setOrientation={[Function]}
          setRTL={[Function]}
          setShift={[Function]}
          setVisible={[Function]}
          setWrap={[Function]}
          shift={false}
          show={[Function]}
          sort={[Function]}
          stopAnimation={[Function]}
          toggle={[Function]}
          unregisterGroup={[Function]}
          unregisterItem={[Function]}
          unstable_arrowRef={
            Object {
              "current": null,
            }
          }
          unstable_arrowStyles={Object {}}
          unstable_disclosureRef={
            Object {
              "current": null,
            }
          }
          unstable_hasActiveWidget={false}
          unstable_idCountRef={
            Object {
              "current": 0,
            }
          }
          unstable_includesBaseElement={false}
          unstable_moves={0}
          unstable_originalPlacement="bottom-end"
          unstable_popoverRef={
            Object {
              "current": null,
            }
          }
          unstable_popoverStyles={
            Object {
              "left": "100%",
              "position": "fixed",
              "top": "100%",
            }
          }
          unstable_referenceRef={
            Object {
              "current": null,
            }
          }
          unstable_setHasActiveWidget={[Function]}
          unstable_setIncludesBaseElement={[Function]}
          unstable_setValue={[Function]}
          unstable_setVirtual={[Function]}
          unstable_update={[Function]}
          unstable_values={Object {}}
          unstable_virtual={false}
          up={[Function]}
          visible={false}
          wrap={false}
        >
          <p
            className="sc-breQAM lcNvFi"
          >
            finished
          </p>
        </div>
      </div>
    </div>
  </div>
  <div
    className="Loader__Container-dvTPbV qrEAX loader"
    inline={false}
  >
    <div
      className="sc-uhmsm giHpBj"
      color="#333333"
      size={40}
    >
      <div
        className="sc-ikHFqL eVqQHs"
        delay={-1.2}
        transform={30}
      />
      <div
        className="sc-ikHFqL jwgKtK"
        delay={-1.1}
        transform={60}
      />
      <div
        className="sc-ikHFqL ifZDRK"
        delay={-1}
        transform={90}
      />
      <div
        className="sc-ikHFqL kulvEu"
        delay={-0.9}
        transform={120}
      />
      <div
        className="sc-ikHFqL hXQgoc"
        delay={-0.8}
        transform={150}
      />
      <div
        className="sc-ikHFqL fwPare"
        delay={-0.7}
        transform={180}
      />
      <div
        className="sc-ikHFqL grWuvp"
        delay={-0.6}
        transform={210}
      />
      <div
        className="sc-ikHFqL hVvJRP"
        delay={-0.5}
        transform={240}
      />
      <div
        className="sc-ikHFqL iNNYzJ"
        delay={-0.4}
        transform={270}
      />
      <div
        className="sc-ikHFqL jkhFOM"
        delay={-0.3}
        transform={300}
      />
      <div
        className="sc-ikHFqL iuQEQm"
        delay={-0.2}
        transform={330}
      />
      <div
        className="sc-ikHFqL jmdzzo"
        delay={-0.1}
        transform={360}
      />
    </div>
  </div>
</div>
`;
