// Jest Snapshot v1, https://goo.gl/fbAQLP

exports[`<ProposalMapSelectedView /> <TestProposalMapSelectedView /> should render correctly 1`] = `
Array [
  <div
    className="sc-bcXGCL klhoji toasts-container toasts-container--top"
  />,
  <div
    className="sc-bcXGCL cUzULY toasts-container toasts-container--top-left"
  />,
  <div
    className="sc-bcXGCL gbiIcr toasts-container toasts-container--top-right"
  />,
  <div
    className="sc-bcXGCL iAUFHT toasts-container toasts-container--bottom"
  />,
  <div
    className="sc-bcXGCL egFGdF toasts-container toasts-container--bottom-left"
  />,
  <div
    className="sc-bcXGCL iXsWAS toasts-container toasts-container--bottom-right"
  />,
  <div
    className="sc-bcXGCL bWSuLt"
    onTouchEnd={[Function]}
    onTouchStart={[Function]}
  >
    <div
      className="sc-bcXGCL gwIacT"
    >
      <div
        className="sc-bcXGCL chpKhi"
      />
    </div>
    <div
      className="sc-bcXGCL dTkjmI"
    >
      <a
        href="/project///votez-pour-vos-projets"
        onClick={[Function]}
      >
        <h3
          className="sc-bcXGCL eXsKFZ cap-heading"
          title="Votez pour vos projets favoris"
        >
          Votez pour vos projets favoris
        </h3>
        <div
          className="sc-bcXGCL dyxqmw cap-text"
        >
          Lorem ipsum
        </div>
      </a>
      <div
        className="sc-bcXGCL jTfoOu"
      >
        <div
          className="sc-bcXGCL hWQjMp"
        >
          <div
            className="sc-bcXGCL fyzqGd sc-ckEbfr hRjurn cap-avatar"
            style={
              Object {
                "marginLeft": 0,
                "marginTop": 0,
              }
            }
            title=""
          />
          <span
            className="sc-bcXGCL DXWTn cap-text"
          />
        </div>
        <div
          className="sc-bcXGCL fWIBtd"
        />
      </div>
    </div>
  </div>,
]
`;
