// Jest Snapshot v1, https://goo.gl/fbAQLP

exports[`<UserRegister /> should render correctly 1`] = `
<Button
  justifyContent="center"
  onClick={[Function]}
  type="button"
  variant="secondary"
  variantColor="danger"
  variantSize="big"
  width={
    Array [
      "100%",
      "auto",
    ]
  }
>
  event_registration.unsubscribe
</Button>
`;
