// Jest Snapshot v1, https://goo.gl/fbAQLP

exports[`<ProposalPageContent /> should render a proposal page content 1`] = `
<div
  className="proposal__content "
>
  <div
    className="block"
  >
    <img
      alt="Titre proposition"
      className="img-responsive mb-15"
      id="proposal-media"
      src="http://capco.test"
    />
    <p
      className="excerpt"
    >
      Summary
    </p>
    <div>
      <h3
        className="h3"
      >
        <FormattedMessage
          id="proposal.description"
          values={Object {}}
        />
      </h3>
      <WYSIWYGRender
        value="lorem ipsum dolor"
      />
    </div>
  </div>
  <div
    className="block proposal__buttons"
  >
    <div>
      <Connect(ShareButtonDropdown)
        id="proposal-share-button"
        title="Titre proposition"
        url={true}
      />
      <ForwardRef(Relay(Connect(ProposalReportButton)))
        proposal={
          Object {
            "$fragmentRefs": null,
            "$refType": null,
            "address": null,
            "author": Object {
              "id": "3",
              "slug": "jack",
            },
            "body": "lorem ipsum dolor",
            "currentVotableStep": null,
            "form": Object {
              "contribuable": true,
            },
            "id": "3",
            "media": Object {
              "url": "http://capco.test",
            },
            "publicationStatus": "PUBLISHED",
            "responses": Array [],
            "summary": "Summary",
            "title": "Titre proposition",
            "url": true,
          }
        }
      />
    </div>
  </div>
  <ForwardRef(Relay(Connect(InjectIntl(ProposalEditModal))))
    proposal={
      Object {
        "$fragmentRefs": null,
        "$refType": null,
        "address": null,
        "author": Object {
          "id": "3",
          "slug": "jack",
        },
        "body": "lorem ipsum dolor",
        "currentVotableStep": null,
        "form": Object {
          "contribuable": true,
        },
        "id": "3",
        "media": Object {
          "url": "http://capco.test",
        },
        "publicationStatus": "PUBLISHED",
        "responses": Array [],
        "summary": "Summary",
        "title": "Titre proposition",
        "url": true,
      }
    }
  />
  <ForwardRef(Relay(Connect(ProposalDeleteModal)))
    proposal={
      Object {
        "$fragmentRefs": null,
        "$refType": null,
        "address": null,
        "author": Object {
          "id": "3",
          "slug": "jack",
        },
        "body": "lorem ipsum dolor",
        "currentVotableStep": null,
        "form": Object {
          "contribuable": true,
        },
        "id": "3",
        "media": Object {
          "url": "http://capco.test",
        },
        "publicationStatus": "PUBLISHED",
        "responses": Array [],
        "summary": "Summary",
        "title": "Titre proposition",
        "url": true,
      }
    }
  />
  <ForwardRef(Relay(ProposalPageComments))
    proposal={
      Object {
        "$fragmentRefs": null,
        "$refType": null,
        "address": null,
        "author": Object {
          "id": "3",
          "slug": "jack",
        },
        "body": "lorem ipsum dolor",
        "currentVotableStep": null,
        "form": Object {
          "contribuable": true,
        },
        "id": "3",
        "media": Object {
          "url": "http://capco.test",
        },
        "publicationStatus": "PUBLISHED",
        "responses": Array [],
        "summary": "Summary",
        "title": "Titre proposition",
        "url": true,
      }
    }
  />
</div>
`;
