// Jest Snapshot v1, https://goo.gl/fbAQLP

exports[`<DeleteCustomDomainModal /> <TestDeleteCustomDomainModal /> should render correctly 1`] = `
[
  <div
    className="sc-bcXGCL eByFSh toasts-container toasts-container--top"
  />,
  <div
    aria-label="delete-custom-domain"
    aria-modal={true}
    data-dialog={true}
    hidden={false}
    id="id-g"
    onAnimationEnd={[Function]}
    onBlur={[Function]}
    onKeyDown={[Function]}
    onTransitionEnd={[Function]}
    role="dialog"
    tabIndex={-1}
  >
    <div
      className="sc-bcXGCL hmVjey sc-GKYOR cap-modal__overlay"
      onClick={[Function]}
      style={
        {
          "opacity": 0,
        }
      }
    >
      <div
        className="sc-bcXGCL cxKkgx sc-gsGkXq fDqhDU cap-modal"
        style={
          {
            "opacity": 0,
            "transform": "translateY(-20px) translateZ(0)",
          }
        }
      >
        <header
          className="sc-bcXGCL gcFVlf cap-modal__header"
        >
          <div
            className="sc-bcXGCL dEoIxI"
          >
            <h2
              className="sc-bcXGCL dohbkA cap-heading"
              id="modal-title"
              style={
                {
                  "marginLeft": 0,
                  "marginTop": 0,
                }
              }
            >
              are-you-sure-you-want-to-delete-your-custom-domain-name
            </h2>
          </div>
          <button
            aria-describedby="modal-title"
            className="sc-bcXGCL kvTszR"
            onClick={[Function]}
            type="button"
          >
            <svg
              className="sc-bcXGCL sc-eJDTud egyLxf knzWyK cap-icon"
              fill="none"
              viewBox="0 0 12 12"
              xmlns="http://www.w3.org/2000/svg"
            >
              <path
                d="M1 11L11 1M1 1l10 10"
                stroke="currentColor"
                strokeLinecap="round"
                strokeLinejoin="round"
                strokeWidth={0.8}
              />
            </svg>
          </button>
        </header>
        <main
          className="sc-bcXGCL fWaoBr cap-modal__body"
        >
          <p
            className="sc-bcXGCL hUwKNg cap-text"
          >
            custom-domain-delete-confirmation-message
          </p>
          <label
            className="sc-bcXGCL dFPdth"
            htmlFor="agree-checkbox"
          >
            <div
              className="sc-bcXGCL fWTWt cap-checkbox"
              style={
                {
                  "marginLeft": 0,
                  "marginTop": 0,
                }
              }
            >
              <input
                checked={false}
                className="sc-bcXGCL fmkGYH cap-checkbox__input"
                id="agree-checkbox"
                onBlur={[Function]}
                onChange={[Function]}
                onFocus={[Function]}
                type="checkbox"
              />
              <div
                className="sc-bcXGCL hnYNOm cap-checkbox__box"
              />
            </div>
            <span
              className="sc-bcXGCL bqoAcQ cap-text"
            >
              admin.project.delete.confirm
            </span>
          </label>
        </main>
        <footer
          className="sc-bcXGCL iiPMYM cap-modal__footer"
        >
          <div
            className="sc-bcXGCL hyIxtw cap-buttonGroup"
            style={
              {
                "marginLeft": 0,
                "marginTop": 0,
              }
            }
          >
            <button
              className="sc-bcXGCL sc-laZSpB DTDIA iazGoc cap-button"
              onClick={[Function]}
              style={
                {
                  "marginLeft": 0,
                  "marginTop": 0,
                }
              }
              type="button"
            >
              cancel
            </button>
            <button
              className="sc-bcXGCL sc-laZSpB DTDIA dldqLk cap-button"
              disabled={true}
              onClick={[Function]}
              type="button"
            >
              global.delete
            </button>
          </div>
        </footer>
      </div>
    </div>
  </div>,
]
`;
