// Jest Snapshot v1, https://goo.gl/fbAQLP

exports[`<ProjectHeaderCounter /> should render correctly 1`] = `
<OverlayTrigger
  defaultOverlayShown={false}
  key="project-contribution-count-overlay"
  overlay={
    <_default
      id="project-contribution-count"
    />
  }
  placement="top"
  trigger={
    Array [
      "hover",
      "focus",
    ]
  }
>
  <span>
    <i
      className="cap cap-file-edit-1"
    />
    <span
      className="excerpt category"
    >
      <span
        className="value ml-5 mr-5"
      >
        10
      </span>
      <FormattedMessage
        id="contribution-plural"
        values={
          Object {
            "num": 10,
          }
        }
      />
    </span>
  </span>
</OverlayTrigger>
`;
