// Jest Snapshot v1, https://goo.gl/fbAQLP

exports[`<PageRender /> renders correctly 1`] = `
[
  <div
    className="sc-bcXGCL eEZeZH toasts-container toasts-container--top"
  />,
  <div
    className="sc-bcXGCL gjsubU"
  >
    <div>
      <div
        className="sc-bcXGCL ctOvVF"
      >
        <div
          className="sc-bcXGCL icDYev"
        >
          <h1
            className="sc-bcXGCL iHMoWe cap-heading"
          >
            My custom page
          </h1>
        </div>
      </div>
    </div>
  </div>,
  <div
    className="sc-bcXGCL gAzpqj"
  >
    <div
      className="old-editor ql-editor wysiwyg-render"
      dangerouslySetInnerHTML={
        {
          "__html": "Lorem ipsum",
        }
      }
    />
  </div>,
]
`;
