// Jest Snapshot v1, https://goo.gl/fbAQLP

exports[`<List /> should render correctly 1`] = `
<Connect(Droppable)
  direction="vertical"
  droppableId="1"
  ignoreContainerClipping={false}
  isCombineEnabled={false}
  isDropDisabled={false}
  type="DEFAULT"
>
  <Component />
</Connect(Droppable)>
`;
