// Jest Snapshot v1, https://goo.gl/fbAQLP

exports[`<SectionList /> renders correcty 1`] = `
<div
  className="section-list_container"
  id="section1"
>
  <ForwardRef(Relay(Section))
    consultation={Object {}}
    hideEmptySection={false}
    level={0}
    section={
      Object {
        "$fragmentRefs": null,
        "__id": "section1",
        "sections": Array [
          Object {
            "$fragmentRefs": null,
            "__id": "section2",
            "sections": Array [],
          },
        ],
      }
    }
  />
  <SectionList
    consultation={Object {}}
    hideEmptySection={false}
    key="0"
    level={1}
    section={
      Object {
        "$fragmentRefs": null,
        "__id": "section2",
        "sections": Array [],
      }
    }
  />
</div>
`;
