// Jest Snapshot v1, https://goo.gl/fbAQLP

exports[`<FranceConnectLoginButton /> renders 1`] = `
<FranceConnectLoginButton__LinkButton
  className="btn login__social-btn"
  href="/login/franceconnect?_destination=http://localhost/"
  title="France Connect"
>
  France Connect
</FranceConnectLoginButton__LinkButton>
`;
