// Jest Snapshot v1, https://goo.gl/fbAQLP

exports[`<LoginForm /> renders a form with inputs 1`] = `
<div>
  <Field
    autoComplete="email"
    autoFocus={true}
    component={[Function]}
    disableValidation={true}
    id="username"
    label={
      <FormattedMessage
        id="global.email"
        values={Object {}}
      />
    }
    labelClassName="h5"
    name="username"
    type="email"
  />
  <Field
    autoComplete="current-password"
    autoFocus={true}
    component={[Function]}
    disableValidation={true}
    id="password"
    label={
      <FormattedMessage
        id="global.password"
        values={Object {}}
      />
    }
    labelClassName="w100 h5"
    name="password"
    type="password"
  />
  <a
    className="small"
    href="/resetting/request"
  >
    <FormattedMessage
      id="global.forgot_password"
      values={Object {}}
    />
  </a>
</div>
`;
