// Jest Snapshot v1, https://goo.gl/fbAQLP

exports[`<ProposalViewAnalysisPanel  />  renders correctly 1`] = `
<Fragment>
  <ProposalViewAnalysisPanel__ResponsesView
    tooLate={false}
  >
    <ProposalAnalysisStatusLabel
      color="#28a745"
      fontSize={14}
      iconName="favorable"
      iconSize={10}
      text="global.favorable"
    />
  </ProposalViewAnalysisPanel__ResponsesView>
</Fragment>
`;

exports[`<ProposalViewAnalysisPanel  />  renders correctly with ValueResponse and MediaResponse 1`] = `
<Fragment>
  <ProposalViewAnalysisPanel__ResponsesView
    tooLate={false}
  >
    <ProposalAnalysisStatusLabel
      color="#28a745"
      fontSize={14}
      iconName="favorable"
      iconSize={10}
      text="global.favorable"
    />
  </ProposalViewAnalysisPanel__ResponsesView>
</Fragment>
`;
