// Jest Snapshot v1, https://goo.gl/fbAQLP

exports[`<PreviewMedia /> should render correctly 1`] = `
<div>
  <Col
    bsClass="col"
    className="image-uploader__label-info"
    componentClass="div"
    md={12}
    style={
      Object {
        "padding": 0,
      }
    }
  >
    <strong>
      <FormattedMessage
        id="proposal.documents.deposited"
        values={Object {}}
      />
    </strong>
     
    <Label
      bsClass="label"
      bsStyle="info"
      style={
        Object {
          "marginRight": "5px",
        }
      }
    >
      image
       
      <i
        className="glyphicon glyphicon-remove"
        onClick={[Function]}
        style={
          Object {
            "cursor": "pointer",
          }
        }
      />
    </Label>
  </Col>
</div>
`;

exports[`<PreviewMedia /> should render correctly without medias 1`] = `null`;
