// Jest Snapshot v1, https://goo.gl/fbAQLP

exports[`<EventModerationMotive /> <TestEventModerationMotive /> should render correctly 1`] = `
Array [
  <span
    className="sc-bdnxRM lkXklz cap-text"
  >
    admin.action.recent_contributions.unpublish.input_label
  </span>,
  <div
    className="sc-bdnxRM gLLTvs sc-GvhzO cEDpMa cap-info-message"
  />,
]
`;
