// Jest Snapshot v1, https://goo.gl/fbAQLP

exports[`Preview|CollectStep.contributors connection fetches the contributors of a collect step 1`] = `
Object {
  "node": Object {
    "contributors": Object {
      "edges": Array [
        Object {
          "node": Object {
            "id": "VXNlcjp1c2VyMg==",
            "username": "sfavot",
          },
        },
        Object {
          "node": Object {
            "id": "VXNlcjp1c2VyMQ==",
            "username": "lbrunet",
          },
        },
        Object {
          "node": Object {
            "id": "VXNlcjp1c2VyQWRtaW4=",
            "username": "admin",
          },
        },
        Object {
          "node": Object {
            "id": "VXNlcjp1c2VyNw==",
            "username": "user7",
          },
        },
        Object {
          "node": Object {
            "id": "VXNlcjp1c2VyV2VsY29tYXR0aWM=",
            "username": "welcomattic",
          },
        },
      ],
      "totalCount": 7,
    },
    "id": "Q29sbGVjdFN0ZXA6Y29sbGVjdHN0ZXAx",
    "title": "Collecte des propositions",
  },
}
`;
