// Jest Snapshot v1, https://goo.gl/fbAQLP

exports[`<GroupAdminPageTabs /> render correctly 1`] = `
<div
  className="col-xs-12"
>
  <Uncontrolled(Tabs)
    id="group-admin-tabs"
  >
    <Tab
      eventKey={1}
      title="group.admin.users"
    >
      <ForwardRef(Relay(Connect(InjectIntl(GroupAdminUsers))))
        group={Object {}}
      />
    </Tab>
    <Tab
      eventKey={2}
      title="group.admin.parameters"
    >
      <ForwardRef(Relay(Connect(ReduxForm)))
        group={Object {}}
      />
    </Tab>
  </Uncontrolled(Tabs)>
</div>
`;
