// Jest Snapshot v1, https://goo.gl/fbAQLP

exports[`<QuestionnaireAdminResults /> renders correctly all type of questions 1`] = `
<div
  className="box box-primary container-fluid"
>
  <div
    className="box-content mt-25"
  >
    <div
      key="0"
    >
      <PrivateBox
        divClassName=""
        message="admin.fields.question.private"
        show={false}
      >
        <p>
          <b>
            1
            . 
            question type select
          </b>
          <br />
          <span
            className="excerpt"
          >
            <FormattedMessage
              id="global.counters.contributors"
              values={
                Object {
                  "num": 7,
                }
              }
            />
             
            /
             
            <FormattedMessage
              id="count-answers"
              values={
                Object {
                  "num": 14,
                }
              }
            />
            <br />
          </span>
        </p>
        <ForwardRef(Relay(InjectIntl(QuestionnaireAdminResultsPieChart)))
          backgroundColor="#897897"
          multipleChoiceQuestion={
            Object {
              "$fragmentRefs": null,
              "__typename": "MultipleChoiceQuestion",
              "participants": Object {
                "totalCount": 7,
              },
              "private": false,
              "required": false,
              "responses": Object {
                "totalCount": 14,
              },
              "title": "question type select",
              "type": "select",
            }
          }
        />
      </PrivateBox>
    </div>
    <div
      key="1"
    >
      <PrivateBox
        divClassName=""
        message="admin.fields.question.private"
        show={false}
      >
        <p>
          <b>
            2
            . 
            question type radio
          </b>
          <br />
          <span
            className="excerpt"
          >
            <FormattedMessage
              id="global.counters.contributors"
              values={
                Object {
                  "num": 98,
                }
              }
            />
             
            /
             
            <FormattedMessage
              id="count-answers"
              values={
                Object {
                  "num": 98,
                }
              }
            />
            <br />
            <b>
              <FormattedMessage
                id="mandatory-question"
                values={Object {}}
              />
            </b>
          </span>
        </p>
        <ForwardRef(Relay(InjectIntl(QuestionnaireAdminResultsPieChart)))
          backgroundColor="#897897"
          multipleChoiceQuestion={
            Object {
              "$fragmentRefs": null,
              "__typename": "MultipleChoiceQuestion",
              "participants": Object {
                "totalCount": 98,
              },
              "private": false,
              "required": true,
              "responses": Object {
                "totalCount": 98,
              },
              "title": "question type radio",
              "type": "radio",
            }
          }
        />
      </PrivateBox>
    </div>
    <div
      key="2"
    >
      <PrivateBox
        divClassName=""
        message="admin.fields.question.private"
        show={false}
      >
        <p>
          <b>
            3
            . 
            question type checkbox
          </b>
          <br />
          <span
            className="excerpt"
          >
            <FormattedMessage
              id="global.counters.contributors"
              values={
                Object {
                  "num": 45,
                }
              }
            />
             
            /
             
            <FormattedMessage
              id="count-answers"
              values={
                Object {
                  "num": 48,
                }
              }
            />
            <br />
          </span>
        </p>
        <ForwardRef(Relay(InjectIntl(QuestionnaireAdminResultsBarChart)))
          backgroundColor="#897897"
          multipleChoiceQuestion={
            Object {
              "$fragmentRefs": null,
              "__typename": "MultipleChoiceQuestion",
              "participants": Object {
                "totalCount": 45,
              },
              "private": false,
              "required": false,
              "responses": Object {
                "totalCount": 48,
              },
              "title": "question type checkbox",
              "type": "checkbox",
            }
          }
        />
      </PrivateBox>
    </div>
    <div
      key="3"
    >
      <PrivateBox
        divClassName=""
        message="admin.fields.question.private"
        show={false}
      >
        <p>
          <b>
            4
            . 
            question type button
          </b>
          <br />
          <span
            className="excerpt"
          >
            <FormattedMessage
              id="global.counters.contributors"
              values={
                Object {
                  "num": 43,
                }
              }
            />
             
            /
             
            <FormattedMessage
              id="count-answers"
              values={
                Object {
                  "num": 43,
                }
              }
            />
            <br />
          </span>
        </p>
        <ForwardRef(Relay(InjectIntl(QuestionnaireAdminResultsPieChart)))
          backgroundColor="#897897"
          multipleChoiceQuestion={
            Object {
              "$fragmentRefs": null,
              "__typename": "MultipleChoiceQuestion",
              "participants": Object {
                "totalCount": 43,
              },
              "private": false,
              "required": false,
              "responses": Object {
                "totalCount": 43,
              },
              "title": "question type button",
              "type": "button",
            }
          }
        />
      </PrivateBox>
    </div>
    <div
      key="4"
    >
      <PrivateBox
        divClassName=""
        message="admin.fields.question.private"
        show={false}
      >
        <p>
          <b>
            5
            . 
            question type ranking
          </b>
          <br />
          <span
            className="excerpt"
          >
            <FormattedMessage
              id="global.counters.contributors"
              values={
                Object {
                  "num": 38,
                }
              }
            />
            <br />
          </span>
        </p>
        <ForwardRef(Relay(QuestionnaireAdminResultsRanking))
          multipleChoiceQuestion={
            Object {
              "$fragmentRefs": null,
              "__typename": "MultipleChoiceQuestion",
              "participants": Object {
                "totalCount": 38,
              },
              "private": false,
              "required": false,
              "responses": Object {
                "totalCount": 0,
              },
              "title": "question type ranking",
              "type": "ranking",
            }
          }
        />
      </PrivateBox>
    </div>
    <div
      key="5"
    >
      <PrivateBox
        divClassName=""
        message="admin.fields.question.private"
        show={false}
      >
        <p>
          <b>
            6
            . 
            question type text
          </b>
          <br />
          <span
            className="excerpt"
          >
            <FormattedMessage
              id="global.counters.contributors"
              values={
                Object {
                  "num": 4,
                }
              }
            />
             
            /
             
            <FormattedMessage
              id="count-answers"
              values={
                Object {
                  "num": 4,
                }
              }
            />
            <br />
          </span>
        </p>
        <ForwardRef(Relay(QuestionnaireAdminResultsText))
          simpleQuestion={
            Object {
              "$fragmentRefs": null,
              "__typename": "SimpleQuestion",
              "participants": Object {
                "totalCount": 4,
              },
              "private": false,
              "required": false,
              "responses": Object {
                "totalCount": 4,
              },
              "title": "question type text",
              "type": "text",
            }
          }
        />
      </PrivateBox>
    </div>
    <div
      key="6"
    >
      <PrivateBox
        divClassName=""
        message="admin.fields.question.private"
        show={false}
      >
        <p>
          <b>
            7
            . 
            question type number
          </b>
          <br />
          <span
            className="excerpt"
          >
            <FormattedMessage
              id="global.counters.contributors"
              values={
                Object {
                  "num": 89,
                }
              }
            />
             
            /
             
            <FormattedMessage
              id="count-answers"
              values={
                Object {
                  "num": 89,
                }
              }
            />
            <br />
          </span>
        </p>
        <p
          className="mb-25"
        >
          <FormattedHTMLMessage
            id="results-not-available"
            values={Object {}}
          />
        </p>
      </PrivateBox>
    </div>
    <div
      key="7"
    >
      <PrivateBox
        divClassName=""
        message="admin.fields.question.private"
        show={false}
      >
        <p>
          <b>
            8
            . 
            question type number
          </b>
          <br />
          <span
            className="excerpt"
          >
            <FormattedMessage
              id="global.counters.contributors"
              values={
                Object {
                  "num": 9,
                }
              }
            />
             
            /
             
            <FormattedMessage
              id="count-answers"
              values={
                Object {
                  "num": 9,
                }
              }
            />
            <br />
          </span>
        </p>
        <p
          className="mb-25"
        >
          <FormattedHTMLMessage
            id="results-not-available"
            values={Object {}}
          />
        </p>
      </PrivateBox>
    </div>
  </div>
</div>
`;

exports[`<QuestionnaireAdminResults /> renders correctly with private question & without participants 1`] = `
<div
  className="box box-primary container-fluid"
>
  <div
    className="box-content mt-25"
  >
    <div
      key="0"
    >
      <PrivateBox
        divClassName=""
        message="admin.fields.question.private"
        show={true}
      >
        <p>
          <b>
            1
            . 
            question type select
          </b>
          <br />
          <span
            className="excerpt"
          >
            <FormattedMessage
              id="no-answer"
              values={Object {}}
            />
            <br />
          </span>
        </p>
      </PrivateBox>
    </div>
  </div>
</div>
`;

exports[`<QuestionnaireAdminResults /> renders correctly without questions 1`] = `
<div
  className="box box-primary container-fluid"
>
  <div
    className="box-content mt-25"
  >
    <div>
      <FormattedMessage
        id="no-question"
        values={Object {}}
      />
    </div>
  </div>
</div>
`;
