// Jest Snapshot v1, https://goo.gl/fbAQLP

exports[`<SSOConfigurationItem /> renders correctly with Oauth2 configuration 1`] = `
<ListGroupItem
  bsClass="list-group-item"
  listItem={false}
>
  <ForwardRef(Relay(Oauth2SSOConfigurationItem))
    configuration={
      Object {
        "__typename": "Oauth2SSOConfiguration",
      }
    }
  />
</ListGroupItem>
`;
