// Jest Snapshot v1, https://goo.gl/fbAQLP

exports[`Internal|Query participants fetches all participants as admin 1`] = `
Object {
  "participants": Object {
    "edges": Array [
      Object {
        "cursor": "YXJyYXljb25uZWN0aW9uOjA=",
        "node": Object {
          "__typename": "Participant",
          "firstname": "Participant1 firstname",
          "id": "UGFydGljaXBhbnQ6cGFydGljaXBhbnQx",
        },
      },
      Object {
        "cursor": "YXJyYXljb25uZWN0aW9uOjE=",
        "node": Object {
          "__typename": "Participant",
          "firstname": "Participant2 firstname",
          "id": "UGFydGljaXBhbnQ6cGFydGljaXBhbnQy",
        },
      },
      Object {
        "cursor": "YXJyYXljb25uZWN0aW9uOjI=",
        "node": Object {
          "__typename": "Participant",
          "firstname": "Toto",
          "id": "UGFydGljaXBhbnQ6cGFydGljaXBhbnQz",
        },
      },
      Object {
        "cursor": "YXJyYXljb25uZWN0aW9uOjM=",
        "node": Object {
          "__typename": "Participant",
          "firstname": "Amélie",
          "id": "UGFydGljaXBhbnQ6cGFydGljaXBhbnRFbWFpbGluZ0NhbXBhaWduMQ==",
        },
      },
      Object {
        "cursor": "YXJyYXljb25uZWN0aW9uOjQ=",
        "node": Object {
          "__typename": "Participant",
          "firstname": "Émile",
          "id": "UGFydGljaXBhbnQ6cGFydGljaXBhbnRFbWFpbGluZ0NhbXBhaWduMg==",
        },
      },
      Object {
        "cursor": "YXJyYXljb25uZWN0aW9uOjU=",
        "node": Object {
          "__typename": "Participant",
          "firstname": "Émilie",
          "id": "UGFydGljaXBhbnQ6cGFydGljaXBhbnRFbWFpbGluZ0NhbXBhaWduMw==",
        },
      },
      Object {
        "cursor": "YXJyYXljb25uZWN0aW9uOjY=",
        "node": Object {
          "__typename": "Participant",
          "firstname": "Amel",
          "id": "UGFydGljaXBhbnQ6cGFydGljaXBhbnRFbWFpbGluZ0NhbXBhaWduNA==",
        },
      },
    ],
    "totalCount": 7,
  },
}
`;

exports[`Internal|Query participants fetches all participants as organization member 1`] = `
Object {
  "participants": Object {
    "edges": Array [
      Object {
        "cursor": "YXJyYXljb25uZWN0aW9uOjA=",
        "node": Object {
          "__typename": "Participant",
          "firstname": "Participant1 firstname",
          "id": "UGFydGljaXBhbnQ6cGFydGljaXBhbnQx",
        },
      },
      Object {
        "cursor": "YXJyYXljb25uZWN0aW9uOjE=",
        "node": Object {
          "__typename": "Participant",
          "firstname": "Participant2 firstname",
          "id": "UGFydGljaXBhbnQ6cGFydGljaXBhbnQy",
        },
      },
      Object {
        "cursor": "YXJyYXljb25uZWN0aW9uOjI=",
        "node": Object {
          "__typename": "Participant",
          "firstname": "Toto",
          "id": "UGFydGljaXBhbnQ6cGFydGljaXBhbnQz",
        },
      },
      Object {
        "cursor": "YXJyYXljb25uZWN0aW9uOjM=",
        "node": Object {
          "__typename": "Participant",
          "firstname": "Amélie",
          "id": "UGFydGljaXBhbnQ6cGFydGljaXBhbnRFbWFpbGluZ0NhbXBhaWduMQ==",
        },
      },
      Object {
        "cursor": "YXJyYXljb25uZWN0aW9uOjQ=",
        "node": Object {
          "__typename": "Participant",
          "firstname": "Émile",
          "id": "UGFydGljaXBhbnQ6cGFydGljaXBhbnRFbWFpbGluZ0NhbXBhaWduMg==",
        },
      },
      Object {
        "cursor": "YXJyYXljb25uZWN0aW9uOjU=",
        "node": Object {
          "__typename": "Participant",
          "firstname": "Émilie",
          "id": "UGFydGljaXBhbnQ6cGFydGljaXBhbnRFbWFpbGluZ0NhbXBhaWduMw==",
        },
      },
      Object {
        "cursor": "YXJyYXljb25uZWN0aW9uOjY=",
        "node": Object {
          "__typename": "Participant",
          "firstname": "Amel",
          "id": "UGFydGljaXBhbnQ6cGFydGljaXBhbnRFbWFpbGluZ0NhbXBhaWduNA==",
        },
      },
    ],
    "totalCount": 7,
  },
}
`;
