// Jest Snapshot v1, https://goo.gl/fbAQLP

exports[`Internal|UserInvitations query should fetch the current available user invitations 1`] = `
Object {
  "userInvitations": Object {
    "edges": Array [
      Object {
        "node": Object {
          "email": "redirect@invitation.com",
          "id": "VXNlckludml0ZTpyZWRpcmVjdEludml0YXRpb24=",
          "isAdmin": false,
          "isProjectAdmin": false,
        },
      },
      Object {
        "node": Object {
          "email": "theo@cap-collectif.com",
          "id": "VXNlckludml0ZTphY2NlcHRlZEludml0YXRpb24=",
          "isAdmin": true,
          "isProjectAdmin": true,
        },
      },
      Object {
        "node": Object {
          "email": "failed@invitation.com",
          "id": "VXNlckludml0ZTpmYWlsZWRJbnZpdGF0aW9u",
          "isAdmin": false,
          "isProjectAdmin": false,
        },
      },
      Object {
        "node": Object {
          "email": "user-invited-in-group@gmail.com",
          "id": "VXNlckludml0ZTp1c2VyR3JvdXBJbnZpdGF0aW9u",
          "isAdmin": false,
          "isProjectAdmin": false,
        },
      },
      Object {
        "node": Object {
          "email": "sad@expired.com",
          "id": "VXNlckludml0ZTpleHBpcmVkSW52aXRhdGlvbg==",
          "isAdmin": false,
          "isProjectAdmin": false,
        },
      },
      Object {
        "node": Object {
          "email": "toto@project_admin.com",
          "id": "VXNlckludml0ZTpwcm9qZWN0QWRtaW5JbnZpdGF0aW9u",
          "isAdmin": false,
          "isProjectAdmin": true,
        },
      },
      Object {
        "node": Object {
          "email": "ram@chan.com",
          "id": "VXNlckludml0ZTpyYW1JbnZpdGF0aW9u",
          "isAdmin": false,
          "isProjectAdmin": false,
        },
      },
      Object {
        "node": Object {
          "email": "rem@chan.com",
          "id": "VXNlckludml0ZTpyZW1JbnZpdGF0aW9u",
          "isAdmin": true,
          "isProjectAdmin": false,
        },
      },
    ],
  },
}
`;
