// Jest Snapshot v1, https://goo.gl/fbAQLP

exports[`<ProjectHeaderAuthors /> renders correctly 1`] = `
<ProjectHeaderAuthors__Container
  id="project-header"
>
  <ForwardRef(Relay(ProjectHeaderAuthorsModal))
    onClose={[Function]}
    show={false}
    users={
      Array [
        Object {
          "$fragmentRefs": null,
          "username": "toto",
        },
      ]
    }
  />
  <div>
    <ForwardRef(Relay(UserAvatarList))
      users={
        Array [
          Object {
            "$fragmentRefs": null,
            "username": "toto",
          },
        ]
      }
    />
  </div>
  <div
    className="d-flex"
    style={
      Object {
        "flexDirection": "column",
      }
    }
  >
    <ProjectHeaderAuthors__AuthorsButton
      className="ml-5 p-0 font-weight-bold"
      onClick={[Function]}
    >
      <span>
        toto
      </span>
    </ProjectHeaderAuthors__AuthorsButton>
    <span
      className="ml-5"
    >
      <FormattedDate
        day="numeric"
        hour="numeric"
        minute="numeric"
        month="long"
        value={1664-12-07T23:00:00.000Z}
        year="numeric"
      />
    </span>
  </div>
</ProjectHeaderAuthors__Container>
`;
