// Jest Snapshot v1, https://goo.gl/fbAQLP

exports[`<MediaDeleteModal /> should render correctly 1`] = `
[
  <div
    className="sc-bcXGCL eEZeZH toasts-container toasts-container--top"
  />,
  <div
    aria-label="global.image_uploader.image.preview"
    aria-modal={true}
    data-dialog={true}
    hidden={false}
    id="id-g"
    onAnimationEnd={[Function]}
    onBlur={[Function]}
    onKeyDown={[Function]}
    onTransitionEnd={[Function]}
    role="dialog"
    tabIndex={-1}
  >
    <div
      className="sc-bcXGCL jRSyOc sc-fcCDYY cap-modal__overlay"
      onClick={[Function]}
      style={
        {
          "opacity": 0,
        }
      }
    >
      <div
        className="sc-bcXGCL JcTvy sc-GKYOR dCANLh cap-modal"
        style={
          {
            "opacity": 0,
            "transform": "translateY(-20px) translateZ(0)",
          }
        }
      >
        <header
          className="sc-bcXGCL jMEcWl cap-modal__header"
        >
          <div
            className="sc-bcXGCL ejBfRc"
          >
            <h2
              className="sc-bcXGCL dIdmc cap-heading"
              id="modal-title"
              style={
                {
                  "marginLeft": 0,
                  "marginTop": 0,
                }
              }
            >
              media-delete-confirm {"num":3}
            </h2>
          </div>
          <button
            aria-describedby="modal-title"
            className="sc-bcXGCL dCLTmf"
            onClick={[Function]}
            type="button"
          >
            <svg
              aria-hidden="false"
              className="sc-bcXGCL sc-eJDTud iTLsCl knzWyK cap-icon"
              fill="none"
              height="1em"
              role="img"
              viewBox="0 0 12 12"
              width="1em"
              xmlns="http://www.w3.org/2000/svg"
            >
              <path
                d="M1 11 11 1M1 1l10 10"
                stroke="currentColor"
                strokeLinecap="round"
                strokeLinejoin="round"
                strokeWidth={0.8}
              />
            </svg>
          </button>
        </header>
        <div
          className="sc-bcXGCL hsPaVR cap-modal__body"
        >
          <p
            className="sc-bcXGCL cvCRpc cap-text"
          >
            media-delete-helptext {"num":3}
          </p>
        </div>
        <footer
          className="sc-bcXGCL gthNCX cap-modal__footer"
        >
          <button
            className="sc-bcXGCL sc-laZSpB fzdPDJ dsOIMI cap-button"
            onClick={[Function]}
            style={
              {
                "marginLeft": 0,
                "marginTop": 0,
              }
            }
            type="button"
          >
            global.cancel
          </button>
          <button
            className="sc-bcXGCL sc-laZSpB fzdPDJ dOPPpN cap-button"
            onClick={[Function]}
            type="button"
          >
            global.delete
          </button>
        </footer>
      </div>
    </div>
  </div>,
]
`;
