// Jest Snapshot v1, https://goo.gl/fbAQLP

exports[`<NavbarRight /> should render correctly 1`] = `
<Fragment>
  <NavbarRight__ButtonsContainer
    vertical={false}
  >
    <Connect(injectIntl(RegistrationButton))
      className="navbar-btn"
    />
     
    <injectIntl(Connect(LoginButton))
      className="btn-darkest-gray navbar-btn btn--connection"
    />
  </NavbarRight__ButtonsContainer>
</Fragment>
`;
