// Jest Snapshot v1, https://goo.gl/fbAQLP

exports[`<ConsultationPropositionBox /> renders correctly with plan 1`] = `
<div
  className="row"
>
  <ReactRelayQueryRenderer
    environment={"RelayModernEnvironment()"}
    query={[Function]}
    render={[Function]}
    variables={
      Object {
        "consultationStepId": "stepId",
        "isAuthenticated": false,
      }
    }
  />
</div>
`;

exports[`<ConsultationPropositionBox /> renders correctly without plan 1`] = `
<div
  className="row"
>
  <ReactRelayQueryRenderer
    environment={"RelayModernEnvironment()"}
    query={[Function]}
    render={[Function]}
    variables={
      Object {
        "consultationStepId": "stepId",
        "isAuthenticated": false,
      }
    }
  />
</div>
`;
