// Jest Snapshot v1, https://goo.gl/fbAQLP

exports[`<Opinion /> renders correcty 1`] = `
<ListGroupItem
  bsClass="list-group-item"
  className="list-group-item__opinion has-chart"
  listItem={false}
>
  <div
    className="left-block"
  >
    <Connect(UserAvatar) />
    <div>
      <OpinionInfos
        opinion={
          Object {
            "id": "opinionId",
          }
        }
        rankingThreshold={0}
      />
      <OpinionPreviewTitle
        link={true}
        opinion={
          Object {
            "id": "opinionId",
          }
        }
        showTypeLabel={false}
      />
      <OpinionPreviewCounters
        opinion={
          Object {
            "id": "opinionId",
          }
        }
      />
    </div>
  </div>
  <VotePiechart
    height="90px"
    left={0}
    mitige={0}
    nok={0}
    ok={0}
    top={10}
    width="145px"
  />
</ListGroupItem>
`;
