// Jest Snapshot v1, https://goo.gl/fbAQLP

exports[`<Opinion /> renders correcty 1`] = `
<ListGroupItem
  bsClass="list-group-item"
  className="list-group-item__opinion has-chart"
  listItem={false}
>
  <div
    className="left-block"
  >
    <Connect(UserAvatar)
      user={
        Object {
          "displayName": "",
          "media": Object {
            "url": "",
          },
          "show_url": "",
          "vip": false,
        }
      }
    />
    <div>
      <Relay(OpinionInfos)
        opinion={
          Object {
            "$fragmentRefs": null,
            "$refType": null,
            "author": Object {
              "displayName": "",
              "media": Object {
                "url": "",
              },
              "show_url": "",
              "vip": false,
            },
            "createdAt": "",
            "id": "opinionId",
            "pinned": true,
            "section": Object {
              "linkable": false,
              "sourceable": true,
              "title": "Section",
              "versionable": true,
              "voteWidgetType": 1,
            },
            "title": "title",
            "updatedAt": "",
            "url": "",
            "votesMitige": Object {
              "totalCount": 0,
            },
            "votesNok": Object {
              "totalCount": 0,
            },
            "votesOk": Object {
              "totalCount": 0,
            },
          }
        }
        rankingThreshold={0}
      />
      <Relay(OpinionPreviewTitle)
        link={true}
        opinion={
          Object {
            "$fragmentRefs": null,
            "$refType": null,
            "author": Object {
              "displayName": "",
              "media": Object {
                "url": "",
              },
              "show_url": "",
              "vip": false,
            },
            "createdAt": "",
            "id": "opinionId",
            "pinned": true,
            "section": Object {
              "linkable": false,
              "sourceable": true,
              "title": "Section",
              "versionable": true,
              "voteWidgetType": 1,
            },
            "title": "title",
            "updatedAt": "",
            "url": "",
            "votesMitige": Object {
              "totalCount": 0,
            },
            "votesNok": Object {
              "totalCount": 0,
            },
            "votesOk": Object {
              "totalCount": 0,
            },
          }
        }
        showTypeLabel={false}
      />
      <Relay(OpinionPreviewCounters)
        opinion={
          Object {
            "$fragmentRefs": null,
            "$refType": null,
            "author": Object {
              "displayName": "",
              "media": Object {
                "url": "",
              },
              "show_url": "",
              "vip": false,
            },
            "createdAt": "",
            "id": "opinionId",
            "pinned": true,
            "section": Object {
              "linkable": false,
              "sourceable": true,
              "title": "Section",
              "versionable": true,
              "voteWidgetType": 1,
            },
            "title": "title",
            "updatedAt": "",
            "url": "",
            "votesMitige": Object {
              "totalCount": 0,
            },
            "votesNok": Object {
              "totalCount": 0,
            },
            "votesOk": Object {
              "totalCount": 0,
            },
          }
        }
      />
    </div>
  </div>
  <InjectIntl(VotePiechart)
    height="90px"
    mitige={0}
    nok={0}
    ok={0}
    top={10}
    width="145px"
  />
</ListGroupItem>
`;
