// Jest Snapshot v1, https://goo.gl/fbAQLP

exports[`<CommentAnswers /> should render correctly 1`] = `
<ul
  className="media-list opinion__list comment-answers"
  id="comments"
>
  <ForwardRef(Relay(CommentAnswer))
    comment={
      Object {
        "$fragmentRefs": null,
        "id": "1",
      }
    }
    isHighlighted={false}
    key="1"
  />
  <ForwardRef(Relay(CommentAnswer))
    comment={
      Object {
        "$fragmentRefs": null,
        "id": "2",
      }
    }
    isHighlighted={false}
    key="2"
  />
</ul>
`;

exports[`<CommentAnswers /> should render correctly with no answers 1`] = `""`;
