// Jest Snapshot v1, https://goo.gl/fbAQLP

exports[`<OpinionCreateModal /> renders correctly 1`] = `
<Modal
  animation={false}
  aria-labelledby="contained-modal-title-lg"
  autoFocus={true}
  backdrop={true}
  bsClass="modal"
  bsSize="large"
  dialogComponentClass={[Function]}
  enforceFocus={true}
  keyboard={true}
  manager={
    ModalManager {
      "containers": Array [],
      "data": Array [],
      "handleContainerOverflow": true,
      "hideSiblingNodes": true,
      "modals": Array [],
    }
  }
  onHide={[Function]}
  renderBackdrop={[Function]}
  show={true}
>
  <ModalHeader
    aria-label="Close"
    bsClass="modal"
    closeButton={true}
  >
    <ModalTitle
      bsClass="modal"
      id="contained-modal-title-lg"
    >
      Proposer
    </ModalTitle>
  </ModalHeader>
  <ModalBody
    bsClass="modal"
  >
    <div
      className="modal-top bg-info"
    >
      <p>
        Merci d'examiner les propositions en premier lieu afin de ne pas soumettre de doublon. Vous pouvez voter pour une proposition existante !
      </p>
    </div>
    <ReduxForm
      opinionType={
        Object {
          "appendixTypes": Array [],
        }
      }
      projectId="projectId"
      step={Object {}}
      stepId="1"
    />
  </ModalBody>
  <ModalFooter
    bsClass="modal"
  >
    <CloseButton
      label="global.cancel"
      onClose={[Function]}
    />
    <Connect(SubmitButton)
      id="confirm-opinion-create"
      isSubmitting={true}
      label="global.create"
      onSubmit={[Function]}
    />
  </ModalFooter>
</Modal>
`;
