// Jest Snapshot v1, https://goo.gl/fbAQLP

exports[`Internal|ProposalForm.proposals fetches proposals ordered by biggest number of comments 1`] = `
Object {
  "proposalForm": Object {
    "proposals": Object {
      "edges": Array [
        Object {
          "node": Object {
            "comments": Object {
              "totalCount": 0,
            },
            "createdAt": "2018-04-02 00:00:00",
            "id": "UHJvcG9zYWw6cHJvcG9zYWwxMDQ=",
          },
        },
        Object {
          "node": Object {
            "comments": Object {
              "totalCount": 0,
            },
            "createdAt": "2017-02-01 09:08:00",
            "id": "UHJvcG9zYWw6cHJvcG9zYWwx",
          },
        },
        Object {
          "node": Object {
            "comments": Object {
              "totalCount": 0,
            },
            "createdAt": "2017-02-01 00:08:00",
            "id": "UHJvcG9zYWw6cHJvcG9zYWwxMQ==",
          },
        },
        Object {
          "node": Object {
            "comments": Object {
              "totalCount": 0,
            },
            "createdAt": "2017-02-01 00:07:00",
            "id": "UHJvcG9zYWw6cHJvcG9zYWwxMA==",
          },
        },
        Object {
          "node": Object {
            "comments": Object {
              "totalCount": 0,
            },
            "createdAt": "2017-02-01 00:04:19",
            "id": "UHJvcG9zYWw6cHJvcG9zYWw0",
          },
        },
        Object {
          "node": Object {
            "comments": Object {
              "totalCount": 0,
            },
            "createdAt": "2017-02-01 00:04:00",
            "id": "UHJvcG9zYWw6cHJvcG9zYWwz",
          },
        },
        Object {
          "node": Object {
            "comments": Object {
              "totalCount": 0,
            },
            "createdAt": "2017-02-01 00:03:00",
            "id": "UHJvcG9zYWw6cHJvcG9zYWwy",
          },
        },
      ],
    },
  },
}
`;
